// 文　リクエストログ
// load 時刻 : 2025/05/24 17:06:12

// 辞書ファイル読み込み
// - C:\Users\16413\Downloads\Softwares\Companion\SSP\SSP\ghost\lostxmas\ghost\master\yaya_shiori3.dic
// - C:\Users\16413\Downloads\Softwares\Companion\SSP\SSP\ghost\lostxmas\ghost\master\yaya_compatible.dic
// - C:\Users\16413\Downloads\Softwares\Companion\SSP\SSP\ghost\lostxmas\ghost\master\Nothing_word.dic
// - C:\Users\16413\Downloads\Softwares\Companion\SSP\SSP\ghost\lostxmas\ghost\master\Nothing_aitalk.dic
// - C:\Users\16413\Downloads\Softwares\Companion\SSP\SSP\ghost\lostxmas\ghost\master\Nothing_bootend.dic
// - C:\Users\16413\Downloads\Softwares\Companion\SSP\SSP\ghost\lostxmas\ghost\master\Nothing_communicate.dic
// - C:\Users\16413\Downloads\Softwares\Companion\SSP\SSP\ghost\lostxmas\ghost\master\Nothing_menu.dic
// - C:\Users\16413\Downloads\Softwares\Companion\SSP\SSP\ghost\lostxmas\ghost\master\Nothing_react.dic
// - C:\Users\16413\Downloads\Softwares\Companion\SSP\SSP\ghost\lostxmas\ghost\master\Nothing_string.dic
// - C:\Users\16413\Downloads\Softwares\Companion\SSP\SSP\ghost\lostxmas\ghost\master\Nothing_etc.dic
// - C:\Users\16413\Downloads\Softwares\Companion\SSP\SSP\ghost\lostxmas\ghost\master\Nothing_tooltip.dic
// - C:\Users\16413\Downloads\Softwares\Companion\SSP\SSP\ghost\lostxmas\ghost\master\Nothing_talks.dic
// - C:\Users\16413\Downloads\Softwares\Companion\SSP\SSP\ghost\lostxmas\ghost\master\Nothing_change.dic
// - C:\Users\16413\Downloads\Softwares\Companion\SSP\SSP\ghost\lostxmas\ghost\master\MyProgram.dic
// - C:\Users\16413\Downloads\Softwares\Companion\SSP\SSP\ghost\lostxmas\ghost\master\TestProgram.dic
...完了.

// 辞書の構文解析と中間コード生成
...完了.

// 変数値の復元 - C:\Users\16413\Downloads\Softwares\Companion\SSP\SSP\ghost\lostxmas\ghost\master\yaya_variable.cfg
...完了.

